Controller reports OFF continuously for 2 seconds; ready to flash.
-- west flash: using runner esp32
-- runners.esp32: reset after flashing requested
-- runners.esp32: Flashing esp32 chip on COM4 (921600bps)
esptool v5.4.0
Serial port COM4:
Connecting....
Detecting chip type... ESP32-C3
Connected to ESP32-C3 on COM4:
Chip type:          ESP32-C3 (QFN32) (revision v0.4)
Features:           Wi-Fi, BT 5 (LE), Single Core, 160MHz
Crystal frequency:  40MHz
USB mode:           USB-Serial/JTAG
MAC:                7c:e8:b1:76:14:90

Uploading stub flasher...
Running stub flasher...
Stub flasher running.
Changing baud rate to 921600...
Changed.

Configuring flash size...
Flash will be erased from 0x00000000 to 0x00020fff...
Writing at 0x00004000 ===>                            12.2% 16.00kB/130.79kB [0s]
Writing at 0x00008000 =======                         24.5% 32.00kB/130.79kB [0s]
Writing at 0x0000c000 ===========                     36.7% 48.00kB/130.79kB [0s]
Writing at 0x00010000 ==============>                 48.9% 64.00kB/130.79kB [0s]
Writing at 0x00014000 ==================              61.2% 80.00kB/130.79kB [0s]
Writing at 0x00018000 ======================          73.4% 96.00kB/130.79kB [0s]
Writing at 0x0001c000 =========================>      85.6% 112.00kB/130.79kB [0s]
Writing at 0x00020000 =============================   97.9% 128.00kB/130.79kB [0s]
Writing at 0x00020b24 ============================== 100.0% 130.79kB/130.79kB [0s]
Wrote 133924 bytes at 0x00000000 in 0.5 seconds (2301.2 kbit/s).
Verifying written data...
Hash of data verified.

Hard resetting via RTS pin...
