Drill report for windpcb.kicad_pcb
Created on 2026-09-22T13:59:42

Copper Layer Stackup:
    =============================================================
    L1 :  F.Cu                      front
    L2 :  B.Cu                      back


Drill file 'windpcb-PTH.drl' contains
    plated through holes:
    =============================================================
    T1  0.300mm  0.0118"  (104 holes))
    T2  0.300mm  0.0118"  (12 holes))
    T3  0.600mm  0.0236"  (4 holes)  (with 4 slots)
    T4  0.800mm  0.0315"  (2 holes))
    T5  1.000mm  0.0394"  (5 holes)  (with 3 slots)
    T6  1.020mm  0.0402"  (16 holes))

    Total plated holes count 143


Drill file 'windpcb-NPTH.drl' contains
    unplated through holes:
    =============================================================
    T1  0.650mm  0.0256"  (2 holes))
    T2  1.152mm  0.0454"  (2 holes))
    T3  1.250mm  0.0492"  (4 holes))
    T4  3.200mm  0.1260"  (4 holes))

    Total unplated holes count 12
